PREHOOK: query: CREATE TABLE t1 (a string, b string)
ROW FORMAT SERDE 'org.apache.hive.hcatalog.data.JsonSerDe'
PREHOOK: type: CREATETABLE
PREHOOK: Output: database:default
PREHOOK: Output: default@t1
POSTHOOK: query: CREATE TABLE t1 (a string, b string)
ROW FORMAT SERDE 'org.apache.hive.hcatalog.data.JsonSerDe'
POSTHOOK: type: CREATETABLE
POSTHOOK: Output: database:default
POSTHOOK: Output: default@t1
PREHOOK: query: LOAD DATA LOCAL INPATH "../../data/files/sample.json" INTO TABLE t1
PREHOOK: type: LOAD
#### A masked pattern was here ####
PREHOOK: Output: default@t1
POSTHOOK: query: LOAD DATA LOCAL INPATH "../../data/files/sample.json" INTO TABLE t1
POSTHOOK: type: LOAD
#### A masked pattern was here ####
POSTHOOK: Output: default@t1
PREHOOK: query: select * from src join t1 on src.key =t1.a
PREHOOK: type: QUERY
PREHOOK: Input: default@src
PREHOOK: Input: default@t1
#### A masked pattern was here ####
POSTHOOK: query: select * from src join t1 on src.key =t1.a
POSTHOOK: type: QUERY
POSTHOOK: Input: default@src
POSTHOOK: Input: default@t1
#### A masked pattern was here ####
2	val_2	2	blah
PREHOOK: query: drop table t1
PREHOOK: type: DROPTABLE
PREHOOK: Input: default@t1
PREHOOK: Output: default@t1
POSTHOOK: query: drop table t1
POSTHOOK: type: DROPTABLE
POSTHOOK: Input: default@t1
POSTHOOK: Output: default@t1
