PREHOOK: query: create table src_b(`x+1` string, `!@#$%^&*()_q` string)  
clustered by (`!@#$%^&*()_q`) sorted by (`!@#$%^&*()_q`) into 2 buckets
PREHOOK: type: CREATETABLE
PREHOOK: Output: database:default
PREHOOK: Output: default@src_b
POSTHOOK: query: create table src_b(`x+1` string, `!@#$%^&*()_q` string)  
clustered by (`!@#$%^&*()_q`) sorted by (`!@#$%^&*()_q`) into 2 buckets
POSTHOOK: type: CREATETABLE
POSTHOOK: Output: database:default
POSTHOOK: Output: default@src_b
PREHOOK: query: insert overwrite table src_b
select * from src
PREHOOK: type: QUERY
PREHOOK: Input: default@src
PREHOOK: Output: default@src_b
POSTHOOK: query: insert overwrite table src_b
select * from src
POSTHOOK: type: QUERY
POSTHOOK: Input: default@src
POSTHOOK: Output: default@src_b
POSTHOOK: Lineage: src_b.!@#$%^&*()_q SIMPLE [(src)src.FieldSchema(name:value, type:string, comment:default), ]
POSTHOOK: Lineage: src_b.x+1 SIMPLE [(src)src.FieldSchema(name:key, type:string, comment:default), ]
PREHOOK: query: create table src_b2(`x+1` string, `!@#$%^&*()_q` string)  
clustered by (`!@#$%^&*()_q`) sorted by (`!@#$%^&*()_q`) into 2 buckets
PREHOOK: type: CREATETABLE
PREHOOK: Output: database:default
PREHOOK: Output: default@src_b2
POSTHOOK: query: create table src_b2(`x+1` string, `!@#$%^&*()_q` string)  
clustered by (`!@#$%^&*()_q`) sorted by (`!@#$%^&*()_q`) into 2 buckets
POSTHOOK: type: CREATETABLE
POSTHOOK: Output: database:default
POSTHOOK: Output: default@src_b2
PREHOOK: query: insert overwrite table src_b2
select * from src
PREHOOK: type: QUERY
PREHOOK: Input: default@src
PREHOOK: Output: default@src_b2
POSTHOOK: query: insert overwrite table src_b2
select * from src
POSTHOOK: type: QUERY
POSTHOOK: Input: default@src
POSTHOOK: Output: default@src_b2
POSTHOOK: Lineage: src_b2.!@#$%^&*()_q SIMPLE [(src)src.FieldSchema(name:value, type:string, comment:default), ]
POSTHOOK: Lineage: src_b2.x+1 SIMPLE [(src)src.FieldSchema(name:key, type:string, comment:default), ]
PREHOOK: query: select a.`x+1`, a.`!@#$%^&*()_q`, b.`x+1`, b.`!@#$%^&*()_q`
from src_b a join src_b2 b on a.`!@#$%^&*()_q` = b.`!@#$%^&*()_q`
where a.`x+1` < '11'
PREHOOK: type: QUERY
PREHOOK: Input: default@src_b
PREHOOK: Input: default@src_b2
#### A masked pattern was here ####
POSTHOOK: query: select a.`x+1`, a.`!@#$%^&*()_q`, b.`x+1`, b.`!@#$%^&*()_q`
from src_b a join src_b2 b on a.`!@#$%^&*()_q` = b.`!@#$%^&*()_q`
where a.`x+1` < '11'
POSTHOOK: type: QUERY
POSTHOOK: Input: default@src_b
POSTHOOK: Input: default@src_b2
#### A masked pattern was here ####
0	val_0	0	val_0
0	val_0	0	val_0
0	val_0	0	val_0
0	val_0	0	val_0
0	val_0	0	val_0
0	val_0	0	val_0
0	val_0	0	val_0
0	val_0	0	val_0
0	val_0	0	val_0
103	val_103	103	val_103
103	val_103	103	val_103
103	val_103	103	val_103
103	val_103	103	val_103
105	val_105	105	val_105
10	val_10	10	val_10
100	val_100	100	val_100
100	val_100	100	val_100
100	val_100	100	val_100
100	val_100	100	val_100
104	val_104	104	val_104
104	val_104	104	val_104
104	val_104	104	val_104
104	val_104	104	val_104
