PREHOOK: query: CREATE TABLE stats_partitioned(key string, value string) partitioned by (ds string)
PREHOOK: type: CREATETABLE
PREHOOK: Output: database:default
PREHOOK: Output: default@stats_partitioned
POSTHOOK: query: CREATE TABLE stats_partitioned(key string, value string) partitioned by (ds string)
POSTHOOK: type: CREATETABLE
POSTHOOK: Output: database:default
POSTHOOK: Output: default@stats_partitioned
PREHOOK: query: insert overwrite table stats_partitioned partition (ds='1')
select * from src
PREHOOK: type: QUERY
PREHOOK: Input: default@src
PREHOOK: Output: default@stats_partitioned@ds=1
POSTHOOK: query: insert overwrite table stats_partitioned partition (ds='1')
select * from src
POSTHOOK: type: QUERY
POSTHOOK: Input: default@src
POSTHOOK: Output: default@stats_partitioned@ds=1
POSTHOOK: Lineage: stats_partitioned PARTITION(ds=1).key SIMPLE [(src)src.FieldSchema(name:key, type:string, comment:default), ]
POSTHOOK: Lineage: stats_partitioned PARTITION(ds=1).value SIMPLE [(src)src.FieldSchema(name:value, type:string, comment:default), ]
PREHOOK: query: -- rawDataSize is 5312 after config is turned on
describe formatted stats_partitioned
PREHOOK: type: DESCTABLE
PREHOOK: Input: default@stats_partitioned
POSTHOOK: query: -- rawDataSize is 5312 after config is turned on
describe formatted stats_partitioned
POSTHOOK: type: DESCTABLE
POSTHOOK: Input: default@stats_partitioned
# col_name            	data_type           	comment             
	 	 
key                 	string              	                    
value               	string              	                    
	 	 
# Partition Information	 	 
# col_name            	data_type           	comment             
	 	 
ds                  	string              	                    
	 	 
# Detailed Table Information	 	 
Database:           	default             	 
#### A masked pattern was here ####
Protect Mode:       	None                	 
Retention:          	0                   	 
#### A masked pattern was here ####
Table Type:         	MANAGED_TABLE       	 
Table Parameters:	 	 
#### A masked pattern was here ####
	 	 
# Storage Information	 	 
SerDe Library:      	org.apache.hadoop.hive.serde2.lazy.LazySimpleSerDe	 
InputFormat:        	org.apache.hadoop.mapred.TextInputFormat	 
OutputFormat:       	org.apache.hadoop.hive.ql.io.HiveIgnoreKeyTextOutputFormat	 
Compressed:         	No                  	 
Num Buckets:        	-1                  	 
Bucket Columns:     	[]                  	 
Sort Columns:       	[]                  	 
Storage Desc Params:	 	 
	serialization.format	1                   
PREHOOK: query: insert overwrite table stats_partitioned partition (ds='1')
select * from src
PREHOOK: type: QUERY
PREHOOK: Input: default@src
PREHOOK: Output: default@stats_partitioned@ds=1
POSTHOOK: query: insert overwrite table stats_partitioned partition (ds='1')
select * from src
POSTHOOK: type: QUERY
POSTHOOK: Input: default@src
POSTHOOK: Output: default@stats_partitioned@ds=1
POSTHOOK: Lineage: stats_partitioned PARTITION(ds=1).key SIMPLE [(src)src.FieldSchema(name:key, type:string, comment:default), ]
POSTHOOK: Lineage: stats_partitioned PARTITION(ds=1).value SIMPLE [(src)src.FieldSchema(name:value, type:string, comment:default), ]
PREHOOK: query: -- rawDataSize is 0 after config is turned off
describe formatted stats_partitioned
PREHOOK: type: DESCTABLE
PREHOOK: Input: default@stats_partitioned
POSTHOOK: query: -- rawDataSize is 0 after config is turned off
describe formatted stats_partitioned
POSTHOOK: type: DESCTABLE
POSTHOOK: Input: default@stats_partitioned
# col_name            	data_type           	comment             
	 	 
key                 	string              	                    
value               	string              	                    
	 	 
# Partition Information	 	 
# col_name            	data_type           	comment             
	 	 
ds                  	string              	                    
	 	 
# Detailed Table Information	 	 
Database:           	default             	 
#### A masked pattern was here ####
Protect Mode:       	None                	 
Retention:          	0                   	 
#### A masked pattern was here ####
Table Type:         	MANAGED_TABLE       	 
Table Parameters:	 	 
#### A masked pattern was here ####
	 	 
# Storage Information	 	 
SerDe Library:      	org.apache.hadoop.hive.serde2.lazy.LazySimpleSerDe	 
InputFormat:        	org.apache.hadoop.mapred.TextInputFormat	 
OutputFormat:       	org.apache.hadoop.hive.ql.io.HiveIgnoreKeyTextOutputFormat	 
Compressed:         	No                  	 
Num Buckets:        	-1                  	 
Bucket Columns:     	[]                  	 
Sort Columns:       	[]                  	 
Storage Desc Params:	 	 
	serialization.format	1                   
