PREHOOK: query: create table T1(key string, val string) partitioned by (ds string) stored as textfile
PREHOOK: type: CREATETABLE
PREHOOK: Output: database:default
PREHOOK: Output: default@T1
POSTHOOK: query: create table T1(key string, val string) partitioned by (ds string) stored as textfile
POSTHOOK: type: CREATETABLE
POSTHOOK: Output: database:default
POSTHOOK: Output: default@T1
PREHOOK: query: alter table T1 add partition (ds = 'today')
PREHOOK: type: ALTERTABLE_ADDPARTS
PREHOOK: Output: default@t1
POSTHOOK: query: alter table T1 add partition (ds = 'today')
POSTHOOK: type: ALTERTABLE_ADDPARTS
POSTHOOK: Output: default@t1
POSTHOOK: Output: default@t1@ds=today
PREHOOK: query: alter table T1 add partition (ds = 'yesterday')
PREHOOK: type: ALTERTABLE_ADDPARTS
PREHOOK: Output: default@t1
POSTHOOK: query: alter table T1 add partition (ds = 'yesterday')
POSTHOOK: type: ALTERTABLE_ADDPARTS
POSTHOOK: Output: default@t1
POSTHOOK: Output: default@t1@ds=yesterday
PREHOOK: query: alter table T1 partition (ds = 'today') compact 'major'
PREHOOK: type: ALTERTABLE_COMPACT
POSTHOOK: query: alter table T1 partition (ds = 'today') compact 'major'
POSTHOOK: type: ALTERTABLE_COMPACT
PREHOOK: query: alter table T1 partition (ds = 'yesterday') compact 'minor'
PREHOOK: type: ALTERTABLE_COMPACT
POSTHOOK: query: alter table T1 partition (ds = 'yesterday') compact 'minor'
POSTHOOK: type: ALTERTABLE_COMPACT
PREHOOK: query: drop table T1
PREHOOK: type: DROPTABLE
PREHOOK: Input: default@t1
PREHOOK: Output: default@t1
POSTHOOK: query: drop table T1
POSTHOOK: type: DROPTABLE
POSTHOOK: Input: default@t1
POSTHOOK: Output: default@t1
