PREHOOK: query: create table test (a int) stored as inputformat 'org.apache.hadoop.hive.ql.io.RCFileInputFormat' outputformat 'org.apache.hadoop.hive.ql.io.RCFileOutputFormat' inputdriver 'RCFileInDriver' outputdriver 'RCFileOutDriver'
PREHOOK: type: CREATETABLE
PREHOOK: Output: database:default
PREHOOK: Output: default@test
POSTHOOK: query: create table test (a int) stored as inputformat 'org.apache.hadoop.hive.ql.io.RCFileInputFormat' outputformat 'org.apache.hadoop.hive.ql.io.RCFileOutputFormat' inputdriver 'RCFileInDriver' outputdriver 'RCFileOutDriver'
POSTHOOK: type: CREATETABLE
POSTHOOK: Output: database:default
POSTHOOK: Output: default@test
PREHOOK: query: desc extended test
PREHOOK: type: DESCTABLE
PREHOOK: Input: default@test
POSTHOOK: query: desc extended test
POSTHOOK: type: DESCTABLE
POSTHOOK: Input: default@test
a                   	int                 	                    
	 	 
#### A masked pattern was here ####
