PREHOOK: query: -- We need the above setting for backward compatibility because 'user' is a keyword in SQL2011
-- ppd leaves invalid expr in field expr
CREATE TABLE test_issue (fileid int, infos ARRAY<STRUCT<user:INT>>, test_c STRUCT<user_c:STRUCT<age:INT>>)
PREHOOK: type: CREATETABLE
PREHOOK: Output: database:default
PREHOOK: Output: default@test_issue
POSTHOOK: query: -- We need the above setting for backward compatibility because 'user' is a keyword in SQL2011
-- ppd leaves invalid expr in field expr
CREATE TABLE test_issue (fileid int, infos ARRAY<STRUCT<user:INT>>, test_c STRUCT<user_c:STRUCT<age:INT>>)
POSTHOOK: type: CREATETABLE
POSTHOOK: Output: database:default
POSTHOOK: Output: default@test_issue
PREHOOK: query: CREATE VIEW v_test_issue AS SELECT fileid, i.user, test_c.user_c.age FROM test_issue LATERAL VIEW explode(infos) info AS i
PREHOOK: type: CREATEVIEW
PREHOOK: Input: default@test_issue
PREHOOK: Output: database:default
PREHOOK: Output: default@v_test_issue
POSTHOOK: query: CREATE VIEW v_test_issue AS SELECT fileid, i.user, test_c.user_c.age FROM test_issue LATERAL VIEW explode(infos) info AS i
POSTHOOK: type: CREATEVIEW
POSTHOOK: Input: default@test_issue
POSTHOOK: Output: database:default
POSTHOOK: Output: default@v_test_issue
PREHOOK: query: -- dummy data
LOAD DATA LOCAL INPATH '../../data/files/kv1.txt' INTO TABLE test_issue
PREHOOK: type: LOAD
#### A masked pattern was here ####
PREHOOK: Output: default@test_issue
POSTHOOK: query: -- dummy data
LOAD DATA LOCAL INPATH '../../data/files/kv1.txt' INTO TABLE test_issue
POSTHOOK: type: LOAD
#### A masked pattern was here ####
POSTHOOK: Output: default@test_issue
PREHOOK: query: SELECT * FROM v_test_issue WHERE age = 25
PREHOOK: type: QUERY
PREHOOK: Input: default@test_issue
PREHOOK: Input: default@v_test_issue
#### A masked pattern was here ####
POSTHOOK: query: SELECT * FROM v_test_issue WHERE age = 25
POSTHOOK: type: QUERY
POSTHOOK: Input: default@test_issue
POSTHOOK: Input: default@v_test_issue
#### A masked pattern was here ####
