PREHOOK: query: select p_name 
from (select p_name from part distribute by 1 sort by 1) p 
distribute by 1 sort by 1
PREHOOK: type: QUERY
PREHOOK: Input: default@part
#### A masked pattern was here ####
POSTHOOK: query: select p_name 
from (select p_name from part distribute by 1 sort by 1) p 
distribute by 1 sort by 1
POSTHOOK: type: QUERY
POSTHOOK: Input: default@part
#### A masked pattern was here ####
almond azure blanched chiffon midnight
almond aquamarine dodger light gainsboro
almond antique sky peru orange
almond antique medium spring khaki
almond antique blue firebrick mint
almond azure aquamarine papaya violet
almond aquamarine yellow dodger mint
almond aquamarine floral ivory bisque
almond antique violet mint lemon
almond antique gainsboro frosted violet
almond antique olive coral navajo
almond antique misty red olive
almond antique metallic orange dim
almond antique forest lavender goldenrod
almond antique chartreuse khaki white
almond aquamarine sandy cyan gainsboro
almond aquamarine rose maroon antique
almond aquamarine midnight light salmon
almond antique violet turquoise frosted
almond antique violet chocolate turquoise
almond aquamarine pink moccasin thistle
almond aquamarine burnished black steel
almond antique salmon chartreuse burlywood
almond antique chartreuse lavender yellow
almond antique burnished rose metallic
almond antique burnished rose metallic
