PREHOOK: query: set role ADMIN
PREHOOK: type: SHOW_ROLES
POSTHOOK: query: set role ADMIN
POSTHOOK: type: SHOW_ROLES
FAILED: ParseException line 2:12 Failed to recognize predicate 'all'. Failed rule: 'identifier' in create role
