FAILED: ParseException line 1:72 Failed to recognize predicate 'a'. Failed rule: 'regularBody' in statement
