PREHOOK: query: create table src2 like src
PREHOOK: type: CREATETABLE
PREHOOK: Output: database:default
PREHOOK: Output: default@src2
POSTHOOK: query: create table src2 like src
POSTHOOK: type: CREATETABLE
POSTHOOK: Output: database:default
POSTHOOK: Output: default@src2
PREHOOK: query: CREATE INDEX src_index_merge_test ON TABLE src2(key) as 'COMPACT' WITH DEFERRED REBUILD
PREHOOK: type: CREATEINDEX
PREHOOK: Input: default@src2
POSTHOOK: query: CREATE INDEX src_index_merge_test ON TABLE src2(key) as 'COMPACT' WITH DEFERRED REBUILD
POSTHOOK: type: CREATEINDEX
POSTHOOK: Input: default@src2
POSTHOOK: Output: default@default__src2_src_index_merge_test__
FAILED: SemanticException org.apache.hadoop.hive.ql.parse.SemanticException: can not do merge because source table default.src2 is indexed.
