PREHOOK: query: -- Tests exception in ScriptOperator.processOp() by passing extra data needed to fill pipe buffer
SELECT TRANSFORM(key, value, key, value, key, value, key, value, key, value, key, value, key, value, key, value, key, value, key, value, key, value, key, value) USING 'true' as a,b,c,d FROM src
PREHOOK: type: QUERY
PREHOOK: Input: default@src
#### A masked pattern was here ####
FAILED: Execution Error, return code 2 from org.apache.hadoop.hive.ql.exec.mr.MapRedTask
