PREHOOK: query: -- should fail: hive.join.cache.size accepts int type
desc src
PREHOOK: type: DESCTABLE
PREHOOK: Input: default@src
POSTHOOK: query: -- should fail: hive.join.cache.size accepts int type
desc src
POSTHOOK: type: DESCTABLE
POSTHOOK: Input: default@src
key                 	string              	default             
value               	string              	default             
Query returned non-zero code: 1, cause: 'SET hive.join.cache.size=test' FAILED because hive.join.cache.size expects INT type value.
