PREHOOK: query: create temporary table tmp1 (c1 string)
PREHOOK: type: CREATETABLE
PREHOOK: Output: database:default
PREHOOK: Output: default@tmp1
POSTHOOK: query: create temporary table tmp1 (c1 string)
POSTHOOK: type: CREATETABLE
POSTHOOK: Output: database:default
POSTHOOK: Output: default@tmp1
PREHOOK: query: create index tmp1_idx on table tmp1 (c1) as 'COMPACT' with deferred rebuild
PREHOOK: type: CREATEINDEX
PREHOOK: Input: default@tmp1
FAILED: Execution Error, return code 1 from org.apache.hadoop.hive.ql.exec.DDLTask. org.apache.hadoop.hive.ql.metadata.HiveException: tableName=default.tmp1 is a TEMPORARY TABLE. Index on TEMPORARY TABLE is not supported.
